// Jest Snapshot v1, https://goo.gl/fbAQLP

exports[`<CreateTool/> renders and matches snapshot 1`] = `
<form
  className="Form-sc-1x8epu1-0 fzKnXg"
  data-test="form"
  onSubmit={[Function]}
>
  <DisplayError
    error={Object {}}
  />
  <fieldset
    aria-busy={false}
    disabled={false}
  >
    <label
      htmlFor="file"
    >
      Image
      <input
        id="file"
        name="file"
        onChange={[Function]}
        placeholder="Upload an image"
        required={true}
        type="file"
      />
    </label>
    <label
      htmlFor="title"
    >
      Title
      <input
        id="title"
        name="title"
        onChange={[Function]}
        placeholder="Title"
        required={true}
        type="text"
        value=""
      />
    </label>
    <label
      htmlFor="category"
    >
      Category
      <input
        id="category"
        name="category"
        onChange={[Function]}
        placeholder="Category"
        required={true}
        type="text"
        value=""
      />
    </label>
    <label
      htmlFor="description"
    >
      Description
      <textarea
        id="description"
        name="description"
        onChange={[Function]}
        placeholder="Enter A Description"
        required={true}
        value=""
      />
    </label>
    <label
      htmlFor="url"
    >
      Url
      <input
        id="url"
        name="url"
        onChange={[Function]}
        placeholder="Url"
        required={true}
        type="text"
        value=""
      />
    </label>
    <button
      type="submit"
    >
      Submit
    </button>
  </fieldset>
</form>
`;
