// Jest Snapshot v1, https://goo.gl/fbAQLP

exports[`<Nav/> renders a minimal nav when signed out 1`] = `
<ul
  className="NavStyles-gyzvwl-0 cJZvBi"
  data-test="nav"
>
  <Link
    href="/tools"
  >
    <a
      href="/tools"
      onClick={[Function]}
    >
      Tools
    </a>
  </Link>
  <Link
    href="/signup"
  >
    <a
      href="/signup"
      onClick={[Function]}
    >
      Sign In
    </a>
  </Link>
</ul>
`;
